java/lang/Object
java/lang/String
java/io/Serializable
java/lang/Comparable
java/lang/CharSequence
java/lang/Class
java/lang/reflect/GenericDeclaration
java/lang/reflect/AnnotatedElement
java/lang/reflect/Type
java/lang/Cloneable
java/lang/ClassLoader
java/lang/System
java/lang/Throwable
java/lang/Error
java/lang/ThreadDeath
java/lang/Exception
java/lang/RuntimeException
java/lang/SecurityManager
java/security/ProtectionDomain
java/security/AccessControlContext
java/security/SecureClassLoader
java/lang/ClassNotFoundException
java/lang/ReflectiveOperationException
java/lang/NoClassDefFoundError
java/lang/LinkageError
java/lang/ClassCastException
java/lang/ArrayStoreException
java/lang/VirtualMachineError
java/lang/OutOfMemoryError
java/lang/StackOverflowError
java/lang/IllegalMonitorStateException
java/lang/ref/Reference
java/lang/ref/SoftReference
java/lang/ref/WeakReference
java/lang/ref/FinalReference
java/lang/ref/PhantomReference
java/lang/ref/Finalizer
java/lang/Thread
java/lang/Runnable
java/lang/ThreadGroup
java/lang/Thread$UncaughtExceptionHandler
java/util/Properties
java/util/Hashtable
java/util/Map
java/util/Dictionary
java/lang/Module
java/lang/reflect/AccessibleObject
java/lang/reflect/Field
java/lang/reflect/Member
java/lang/reflect/Parameter
java/lang/reflect/Method
java/lang/reflect/Executable
java/lang/reflect/Constructor
jdk/internal/reflect/MagicAccessorImpl
jdk/internal/reflect/MethodAccessorImpl
jdk/internal/reflect/MethodAccessor
jdk/internal/reflect/ConstructorAccessorImpl
jdk/internal/reflect/ConstructorAccessor
jdk/internal/reflect/DelegatingClassLoader
jdk/internal/reflect/ConstantPool
jdk/internal/reflect/UnsafeStaticFieldAccessorImpl
jdk/internal/reflect/UnsafeFieldAccessorImpl
jdk/internal/reflect/FieldAccessorImpl
jdk/internal/reflect/FieldAccessor
jdk/internal/reflect/CallerSensitive
java/lang/annotation/Annotation
java/lang/invoke/DirectMethodHandle
java/lang/invoke/MethodHandle
java/lang/invoke/VarHandle
java/lang/invoke/MemberName
java/lang/invoke/ResolvedMethodName
java/lang/invoke/MethodHandleNatives
java/lang/invoke/LambdaForm
java/lang/invoke/MethodType
java/lang/BootstrapMethodError
java/lang/invoke/CallSite
java/lang/invoke/MethodHandleNatives$CallSiteContext
java/lang/invoke/ConstantCallSite
java/lang/invoke/MutableCallSite
java/lang/invoke/VolatileCallSite
java/lang/AssertionStatusDirectives
java/lang/StringBuffer
java/lang/AbstractStringBuilder
java/lang/Appendable
java/lang/StringBuilder
jdk/internal/misc/Unsafe
jdk/internal/module/Modules
java/io/ByteArrayInputStream
java/io/InputStream
java/io/Closeable
java/lang/AutoCloseable
java/net/URL
java/util/jar/Manifest
jdk/internal/loader/ClassLoaders
jdk/internal/loader/ClassLoaders$AppClassLoader
jdk/internal/loader/BuiltinClassLoader
jdk/internal/loader/ClassLoaders$PlatformClassLoader
java/security/CodeSource
java/lang/StackTraceElement
java/nio/Buffer
java/lang/StackWalker
java/lang/StackStreamFactory$AbstractStackWalker
java/lang/StackFrameInfo
java/lang/StackWalker$StackFrame
java/lang/LiveStackFrameInfo
java/lang/LiveStackFrame
java/util/concurrent/locks/AbstractOwnableSynchronizer
java/lang/Boolean
java/lang/Character
java/lang/Float
java/lang/Number
java/lang/Double
java/lang/Byte
java/lang/Short
java/lang/Integer
java/lang/Long
java/lang/NullPointerException
java/lang/ArithmeticException
java/io/ObjectStreamField
java/lang/String$CaseInsensitiveComparator
java/util/Comparator
java/security/AccessController
java/util/Set
java/util/Collection
java/lang/Iterable
java/util/ImmutableCollections$Set12
java/util/ImmutableCollections$AbstractImmutableSet
java/util/ImmutableCollections$AbstractImmutableCollection
java/util/AbstractCollection
java/util/Objects
jdk/internal/reflect/ReflectionFactory$GetReflectionFactoryAction
java/security/PrivilegedAction
java/security/cert/Certificate
java/util/HashSet
java/util/AbstractSet
java/util/HashMap
java/util/AbstractMap
java/util/concurrent/ConcurrentHashMap
java/util/concurrent/ConcurrentMap
java/lang/Runtime
java/util/concurrent/ConcurrentHashMap$Segment
java/util/concurrent/locks/ReentrantLock
java/util/concurrent/locks/Lock
java/util/concurrent/ConcurrentHashMap$CounterCell
java/util/concurrent/ConcurrentHashMap$Node
java/util/Map$Entry
java/util/concurrent/locks/LockSupport
java/util/concurrent/ConcurrentHashMap$ReservationNode
jdk/internal/reflect/ReflectionFactory
java/lang/ref/Reference$ReferenceHandler
jdk/internal/ref/Cleaner
java/lang/ref/ReferenceQueue
java/lang/ref/ReferenceQueue$Null
java/lang/ref/ReferenceQueue$Lock
java/lang/ref/Reference$1
jdk/internal/misc/JavaLangRefAccess
jdk/internal/misc/SharedSecrets
java/lang/ref/Finalizer$FinalizerThread
jdk/internal/misc/VM
java/lang/StringLatin1
java/util/Properties$EntrySet
java/util/concurrent/ConcurrentHashMap$EntrySetView
java/util/concurrent/ConcurrentHashMap$CollectionView
java/util/Collections
java/util/Collections$EmptySet
java/util/Collections$EmptyList
java/util/RandomAccess
java/util/AbstractList
java/util/List
java/util/Collections$EmptyMap
java/util/Collections$SynchronizedSet
java/util/Collections$SynchronizedCollection
java/lang/reflect/Array
java/util/concurrent/ConcurrentHashMap$EntryIterator
java/util/Iterator
java/util/concurrent/ConcurrentHashMap$BaseIterator
java/util/concurrent/ConcurrentHashMap$Traverser
java/util/concurrent/ConcurrentHashMap$MapEntry
java/util/ImmutableCollections$MapN
java/util/ImmutableCollections$AbstractImmutableMap
java/lang/Math
jdk/internal/util/StaticProperty
java/lang/VersionProps
java/io/FileInputStream
java/io/FileDescriptor
java/io/FileDescriptor$1
jdk/internal/misc/JavaIOFileDescriptorAccess
java/io/FileOutputStream
java/io/OutputStream
java/io/Flushable
java/io/BufferedInputStream
java/io/FilterInputStream
java/io/PrintStream
java/io/FilterOutputStream
java/io/BufferedOutputStream
java/io/OutputStreamWriter
java/io/Writer
sun/nio/cs/StreamEncoder
java/nio/charset/Charset
sun/nio/cs/StandardCharsets
java/nio/charset/spi/CharsetProvider
java/lang/ThreadLocal
java/util/concurrent/atomic/AtomicInteger
sun/security/action/GetPropertyAction
sun/nio/cs/UTF_8
sun/nio/cs/Unicode
sun/nio/cs/HistoricallyNamedCharset
sun/nio/cs/UTF_8$Encoder
java/nio/charset/CharsetEncoder
java/nio/charset/CodingErrorAction
java/util/Arrays
java/nio/ByteBuffer
java/nio/Buffer$1
jdk/internal/misc/JavaNioAccess
java/nio/HeapByteBuffer
java/nio/ByteOrder
java/io/BufferedWriter
java/lang/Terminator
java/lang/Terminator$1
jdk/internal/misc/Signal$Handler
jdk/internal/misc/Signal
java/util/Hashtable$Entry
jdk/internal/misc/Signal$NativeHandler
java/lang/Integer$IntegerCache
jdk/internal/misc/OSEnvironment
java/lang/System$2
jdk/internal/misc/JavaLangAccess
java/lang/IllegalArgumentException
java/lang/invoke/MethodHandleStatics
java/lang/CharacterData
java/lang/CharacterDataLatin1
jdk/internal/module/ModuleBootstrap
java/lang/module/ModuleDescriptor
java/lang/module/ModuleDescriptor$1
jdk/internal/misc/JavaLangModuleAccess
java/io/File
java/io/DefaultFileSystem
java/io/UnixFileSystem
java/io/FileSystem
java/io/ExpiringCache
java/io/ExpiringCache$1
java/util/LinkedHashMap
jdk/internal/module/ModulePatcher
jdk/internal/module/SystemModuleFinders
java/net/URI
java/net/URI$1
jdk/internal/misc/JavaNetUriAccess
jdk/internal/module/SystemModulesMap
jdk/internal/module/SystemModules$default
jdk/internal/module/SystemModules
jdk/internal/module/Builder
java/lang/module/ModuleDescriptor$Requires
java/util/ImmutableCollections
java/util/ImmutableCollections$SetN
java/lang/module/ModuleDescriptor$Exports
java/lang/module/ModuleDescriptor$Opens
java/lang/module/ModuleDescriptor$Provides
java/util/ImmutableCollections$List12
java/util/ImmutableCollections$AbstractImmutableList
java/lang/module/ModuleDescriptor$Version
java/util/ArrayList
java/lang/module/ModuleDescriptor$Modifier
java/lang/Enum
java/lang/module/ModuleDescriptor$Requires$Modifier
java/util/ImmutableCollections$ListN
jdk/internal/module/ModuleTarget
jdk/internal/module/ModuleHashes
jdk/internal/module/ModuleHashes$Builder
java/util/HashMap$Node
java/util/HashMap$TreeNode
java/util/LinkedHashMap$Entry
java/util/Collections$UnmodifiableMap
jdk/internal/module/ModuleResolution
java/lang/module/ModuleReference
jdk/internal/module/SystemModuleFinders$2
java/util/function/Supplier
jdk/internal/module/ModuleReferenceImpl
java/util/KeyValueHolder
jdk/internal/module/SystemModuleFinders$3
jdk/internal/module/ModuleHashes$HashSupplier
jdk/internal/module/SystemModuleFinders$SystemModuleFinder
java/lang/module/ModuleFinder
jdk/internal/module/ModuleBootstrap$Counters
java/util/Optional
jdk/internal/loader/BootLoader
jdk/internal/module/ServicesCatalog
jdk/internal/loader/ClassLoaderValue
jdk/internal/loader/AbstractClassLoaderValue
jdk/internal/loader/ClassLoaders$BootClassLoader
jdk/internal/reflect/Reflection
java/lang/ClassLoader$ParallelLoaders
java/util/WeakHashMap
java/util/WeakHashMap$Entry
java/util/Collections$SetFromMap
java/util/WeakHashMap$KeySet
java/util/Vector
java/security/ProtectionDomain$JavaSecurityAccessImpl
jdk/internal/misc/JavaSecurityAccess
java/security/ProtectionDomain$Key
java/security/Principal
jdk/internal/loader/URLClassPath
java/net/URL$DefaultFactory
java/net/URLStreamHandlerFactory
java/net/URL$3
jdk/internal/misc/JavaNetURLAccess
java/io/File$PathStatus
java/io/ExpiringCache$Entry
sun/net/www/ParseUtil
sun/net/www/protocol/file/Handler
java/net/URLStreamHandler
java/lang/Class$ReflectionData
java/lang/Class$Atomic
java/lang/reflect/Modifier
java/lang/reflect/ReflectAccess
jdk/internal/reflect/LangReflectAccess
java/lang/Class$1
jdk/internal/reflect/NativeConstructorAccessorImpl
jdk/internal/reflect/DelegatingConstructorAccessorImpl
java/util/ArrayDeque
java/util/Deque
java/util/Queue
jdk/internal/util/Preconditions
jdk/internal/loader/BuiltinClassLoader$LoadedModule
sun/net/www/protocol/jrt/Handler
java/util/ImmutableCollections$SetN$SetNIterator
java/lang/module/Configuration
java/lang/module/ResolvedModule
java/util/AbstractMap$1
java/util/AbstractMap$1$1
java/util/ImmutableCollections$MapN$1
java/util/ImmutableCollections$MapN$MapNIterator
java/util/ImmutableCollections$Set12$1
jdk/internal/module/ModuleLoaderMap
jdk/internal/module/ModuleLoaderMap$Mapper
java/util/function/Function
java/util/concurrent/ConcurrentHashMap$ForwardingNode
java/lang/ModuleLayer
java/util/ImmutableCollections$ListItr
java/util/ListIterator
java/util/ArrayList$Itr
java/util/Collections$UnmodifiableSet
java/util/Collections$UnmodifiableCollection
java/util/Collections$UnmodifiableCollection$1
java/util/concurrent/CopyOnWriteArrayList
jdk/internal/module/ServicesCatalog$ServiceProvider
java/util/HashMap$KeySet
java/util/HashMap$KeyIterator
java/util/HashMap$HashIterator
java/lang/ModuleLayer$Controller
jdk/internal/module/IllegalAccessLogger$Mode
jdk/internal/module/IllegalAccessLogger$Builder
java/util/HashMap$Values
java/util/HashMap$ValueIterator
jdk/internal/module/ModuleBootstrap$2
java/util/HashMap$EntrySet
java/util/HashMap$EntryIterator
jdk/internal/module/IllegalAccessLogger
jdk/jfr/internal/EventWriter
sun/launcher/LauncherHelper
java/lang/StringCoding
sun/nio/cs/ISO_8859_1
sun/nio/cs/US_ASCII
java/lang/StringCoding$1
java/lang/ThreadLocal$ThreadLocalMap
java/lang/ThreadLocal$ThreadLocalMap$Entry
jdk/internal/misc/TerminatingThreadLocal
java/lang/StringCoding$Result
java/util/jar/JarFile
java/util/zip/ZipFile
java/util/zip/ZipConstants
java/util/zip/ZipFile$1
jdk/internal/misc/JavaUtilZipFileAccess
java/util/jar/JavaUtilJarAccessImpl
jdk/internal/misc/JavaUtilJarAccess
java/lang/Runtime$Version
java/nio/charset/StandardCharsets
sun/nio/cs/UTF_16BE
sun/nio/cs/UTF_16LE
sun/nio/cs/UTF_16
java/util/zip/ZipCoder
java/util/zip/ZipCoder$UTF8
java/util/zip/ZipFile$CleanableResource
jdk/internal/ref/CleanerFactory
jdk/internal/ref/CleanerFactory$1
java/util/concurrent/ThreadFactory
java/lang/ref/Cleaner
java/lang/ref/Cleaner$1
jdk/internal/ref/CleanerImpl
jdk/internal/ref/CleanerImpl$PhantomCleanableRef
jdk/internal/ref/PhantomCleanable
java/lang/ref/Cleaner$Cleanable
jdk/internal/ref/CleanerImpl$WeakCleanableRef
jdk/internal/ref/WeakCleanable
jdk/internal/ref/CleanerImpl$SoftCleanableRef
jdk/internal/ref/SoftCleanable
jdk/internal/ref/CleanerImpl$CleanerCleanable
jdk/internal/ref/CleanerFactory$1$1
jdk/internal/misc/InnocuousThread
jdk/internal/misc/InnocuousThread$3
jdk/internal/misc/InnocuousThread$2
java/util/zip/ZipFile$Source
java/util/zip/ZipFile$Source$Key
java/nio/file/FileSystems
sun/nio/fs/DefaultFileSystemProvider
sun/nio/fs/LinuxFileSystemProvider
sun/nio/fs/UnixFileSystemProvider
sun/nio/fs/AbstractFileSystemProvider
java/nio/file/spi/FileSystemProvider
java/nio/file/StandardOpenOption
java/nio/file/OpenOption
sun/nio/fs/LinuxFileSystem
sun/nio/fs/UnixFileSystem
java/nio/file/FileSystem
sun/nio/fs/UnixPath
java/nio/file/Path
java/nio/file/Watchable
sun/nio/fs/Util
sun/nio/fs/UnixNativeDispatcher
sun/nio/fs/UnixNativeDispatcher$1
java/lang/ClassLoader$2
java/lang/ClassLoader$NativeLibrary
java/util/ArrayDeque$DeqIterator
java/util/concurrent/ConcurrentHashMap$ValuesView
java/util/concurrent/ConcurrentHashMap$ValueIterator
java/util/Enumeration
sun/nio/fs/UnixFileAttributes
java/nio/file/attribute/PosixFileAttributes
java/nio/file/attribute/BasicFileAttributes
sun/nio/fs/UnixFileStoreAttributes
sun/nio/fs/UnixMountEntry
java/nio/CharBuffer
java/lang/Readable
java/nio/HeapCharBuffer
java/nio/charset/CoderResult
java/nio/file/FileSystems$DefaultFileSystemHolder
java/nio/file/FileSystems$DefaultFileSystemHolder$1
java/net/URI$Parser
java/nio/file/LinkOption
java/nio/file/CopyOption
java/nio/file/Files
java/nio/file/attribute/DosFileAttributes
java/nio/file/attribute/BasicFileAttributeView
java/nio/file/attribute/FileAttributeView
java/nio/file/attribute/AttributeView
java/nio/file/attribute/DosFileAttributeView
java/nio/file/attribute/UserDefinedFileAttributeView
sun/nio/fs/UnixFileAttributeViews
sun/nio/fs/UnixFileAttributeViews$Basic
sun/nio/fs/AbstractBasicFileAttributeView
sun/nio/fs/DynamicFileAttributeView
sun/nio/fs/NativeBuffers
sun/nio/fs/NativeBuffers$1
jdk/internal/misc/TerminatingThreadLocal$1
java/util/IdentityHashMap
java/util/IdentityHashMap$KeySet
sun/nio/fs/NativeBuffer
sun/nio/fs/NativeBuffer$Deallocator
sun/nio/fs/UnixFileAttributes$UnixAsBasicFileAttributes
java/util/concurrent/TimeUnit
java/nio/file/attribute/FileTime
java/io/RandomAccessFile
java/io/DataOutput
java/io/DataInput
java/io/RandomAccessFile$2
jdk/internal/misc/JavaIORandomAccessFileAccess
java/util/concurrent/atomic/AtomicBoolean
java/lang/invoke/MethodHandles
java/lang/invoke/MemberName$Factory
java/lang/reflect/ReflectPermission
java/security/BasicPermission
java/security/Permission
java/security/Guard
java/lang/invoke/MethodHandles$Lookup
sun/invoke/util/VerifyAccess
java/lang/NoSuchFieldException
java/lang/invoke/VarHandles
java/lang/invoke/VarHandleInts$FieldInstanceReadWrite
java/lang/invoke/VarHandleInts$FieldInstanceReadOnly
java/lang/invoke/VarHandle$1
jdk/internal/util/Preconditions$1
java/util/function/BiFunction
java/lang/invoke/VarHandleGuards
java/lang/invoke/VarForm
java/lang/invoke/VarHandle$AccessType
java/lang/Void
java/lang/invoke/VarHandle$AccessMode
java/lang/invoke/MethodType$ConcurrentWeakInternSet
java/lang/invoke/MethodType$ConcurrentWeakInternSet$WeakEntry
java/lang/invoke/MethodTypeForm
sun/invoke/util/Wrapper
sun/invoke/util/Wrapper$Format
java/io/FileCleanable
java/util/zip/ZipFile$Source$End
java/util/zip/ZipUtils
jdk/internal/perf/PerfCounter
jdk/internal/perf/Perf$GetPerfAction
jdk/internal/perf/Perf
jdk/internal/perf/PerfCounter$CoreCounters
sun/nio/ch/DirectBuffer
java/nio/DirectByteBuffer
java/nio/MappedByteBuffer
java/nio/Bits
java/util/concurrent/atomic/AtomicLong
java/nio/Bits$1
jdk/internal/misc/JavaNioAccess$BufferPool
java/nio/DirectLongBufferU
java/nio/LongBuffer
java/util/jar/JarFile$1
java/util/jar/JarFile$JarFileEntry
java/util/jar/JarEntry
java/util/zip/ZipEntry
java/util/zip/ZipFile$ZipFileInputStream
java/util/zip/ZipFile$ZipFileInflaterInputStream
java/util/zip/InflaterInputStream
java/util/zip/Inflater
java/util/zip/Inflater$InflaterZStreamRef
java/util/zip/ZipFile$InflaterCleanupAction
java/util/jar/JarVerifier
sun/security/util/Debug
java/security/CodeSigner
java/io/ByteArrayOutputStream
java/util/jar/Attributes
java/util/jar/Manifest$FastInputStream
sun/nio/cs/StandardCharsets$Aliases
sun/util/PreHashedMap
sun/nio/cs/StandardCharsets$Cache
java/util/jar/Attributes$Name
java/lang/invoke/VarHandle$AccessDescriptor
java/io/RandomAccessFile$1
sun/net/util/URLUtil
java/util/Locale
java/util/Locale$Cache
sun/util/locale/LocaleObjectCache
sun/util/locale/BaseLocale
sun/util/locale/BaseLocale$Cache
sun/util/locale/BaseLocale$Key
sun/util/locale/LocaleObjectCache$CacheEntry
sun/util/locale/LocaleUtils
sun/util/locale/InternalLocaleBuilder
sun/util/locale/InternalLocaleBuilder$CaseInsensitiveChar
jdk/internal/loader/URLClassPath$3
java/security/PrivilegedExceptionAction
jdk/internal/loader/URLClassPath$JarLoader
jdk/internal/loader/URLClassPath$Loader
sun/net/www/protocol/jar/Handler
jdk/internal/loader/URLClassPath$JarLoader$1
jdk/internal/loader/FileURLMapper
jdk/internal/util/jar/JarIndex
jdk/internal/loader/URLClassPath$JarLoader$2
jdk/internal/loader/Resource
java/lang/Package
java/lang/NamedPackage
java/lang/Package$VersionInfo
sun/nio/ByteBuffered
java/security/SecureClassLoader$CodeSourceKey
java/security/SecureClassLoader$1
java/security/Permissions
java/security/PermissionCollection
sun/net/www/protocol/file/FileURLConnection
sun/net/www/URLConnection
java/net/URLConnection
sun/net/www/MessageHeader
java/io/FilePermission
java/io/FilePermission$1
jdk/internal/misc/JavaIOFilePermissionAccess
sun/security/util/FilePermCompat
java/security/Permissions$1
java/io/FilePermissionCollection
java/io/FilePermissionCollection$1
java/security/AllPermission
java/security/UnresolvedPermission
java/lang/RuntimePermission
java/security/BasicPermissionCollection
java/security/SecureClassLoader$DebugHolder
org/springframework/boot/loader/JarLauncher
org/springframework/boot/loader/ExecutableArchiveLauncher
org/springframework/boot/loader/Launcher
java/lang/IllegalStateException
org/springframework/boot/loader/archive/Archive
org/springframework/boot/loader/LaunchedURLClassLoader
java/net/URLClassLoader
java/lang/PublicMethods$MethodList
java/lang/PublicMethods$Key
org/springframework/boot/loader/archive/JarFileArchive
org/springframework/boot/loader/jar/JarFile
org/springframework/boot/loader/jar/JarEntry
org/springframework/boot/loader/jar/FileHeader
org/springframework/boot/loader/data/RandomAccessData
org/springframework/boot/loader/jar/CentralDirectoryVisitor
java/io/IOException
org/springframework/boot/loader/jar/Handler
org/springframework/boot/loader/jar/AsciiBytes
java/lang/IndexOutOfBoundsException
org/springframework/boot/loader/data/RandomAccessDataFile
java/io/EOFException
org/springframework/boot/loader/data/RandomAccessDataFile$DataInputStream
org/springframework/boot/loader/data/RandomAccessDataFile$FileAccess
java/io/FileNotFoundException
org/springframework/boot/loader/jar/JarFile$JarFileType
java/net/MalformedURLException
java/util/zip/ZipFile$CleanableResource$FinalizableResource
sun/nio/fs/UnixFileKey
org/springframework/boot/loader/jar/CentralDirectoryParser
org/springframework/boot/loader/jar/JarFileEntries
org/springframework/boot/loader/jar/ZipInflaterInputStream
java/lang/Process
java/lang/invoke/LambdaMetafactory
java/lang/invoke/LambdaForm$NamedFunction
java/lang/invoke/DirectMethodHandle$Holder
sun/invoke/util/ValueConversions
java/lang/invoke/MethodHandleImpl
java/lang/invoke/Invokers
java/lang/invoke/LambdaForm$Kind
java/lang/NoSuchMethodException
java/lang/invoke/LambdaForm$BasicType
java/lang/invoke/LambdaForm$Name
java/lang/invoke/LambdaForm$Holder
java/lang/invoke/MethodHandleImpl$Intrinsic
java/lang/invoke/InvokerBytecodeGenerator
java/lang/invoke/InvokerBytecodeGenerator$2
java/lang/invoke/BootstrapMethodInvoker
java/lang/invoke/Invokers$Holder
java/lang/invoke/MethodHandleImpl$1
jdk/internal/misc/JavaLangInvokeAccess
java/lang/invoke/InnerClassLambdaMetafactory
java/lang/invoke/AbstractValidatingLambdaMetafactory
jdk/internal/org/objectweb/asm/Type
java/lang/invoke/InfoFromMemberName
java/lang/invoke/MethodHandleInfo
sun/invoke/util/BytecodeDescriptor
jdk/internal/org/objectweb/asm/ClassWriter
jdk/internal/org/objectweb/asm/ClassVisitor
jdk/internal/org/objectweb/asm/ByteVector
jdk/internal/org/objectweb/asm/Item
jdk/internal/org/objectweb/asm/FieldWriter
jdk/internal/org/objectweb/asm/FieldVisitor
jdk/internal/org/objectweb/asm/MethodWriter
jdk/internal/org/objectweb/asm/MethodVisitor
jdk/internal/org/objectweb/asm/Label
jdk/internal/org/objectweb/asm/Frame
jdk/internal/org/objectweb/asm/AnnotationWriter
jdk/internal/org/objectweb/asm/AnnotationVisitor
java/lang/invoke/InnerClassLambdaMetafactory$ForwardingMethodGenerator
java/lang/invoke/TypeConvertingMethodAdapter
sun/reflect/annotation/AnnotationParser
jdk/internal/reflect/NativeMethodAccessorImpl
jdk/internal/reflect/DelegatingMethodAccessorImpl
sun/reflect/generics/parser/SignatureParser
sun/reflect/generics/tree/TypeArgument
sun/reflect/generics/tree/TypeTree
sun/reflect/generics/tree/Tree
sun/reflect/generics/tree/SimpleClassTypeSignature
sun/reflect/generics/tree/FieldTypeSignature
sun/reflect/generics/tree/BaseType
sun/reflect/generics/tree/TypeSignature
sun/reflect/generics/tree/ReturnType
sun/reflect/generics/tree/ClassTypeSignature
sun/reflect/generics/scope/ClassScope
sun/reflect/generics/scope/Scope
sun/reflect/generics/scope/AbstractScope
sun/reflect/generics/factory/CoreReflectionFactory
sun/reflect/generics/factory/GenericsFactory
sun/reflect/generics/visitor/Reifier
sun/reflect/generics/visitor/TypeTreeVisitor
java/lang/Deprecated
java/lang/reflect/GenericArrayType
sun/reflect/annotation/AnnotationType
sun/reflect/annotation/AnnotationType$1
sun/reflect/annotation/ExceptionProxy
java/lang/annotation/Retention
java/lang/annotation/Inherited
java/lang/annotation/Documented
java/lang/annotation/RetentionPolicy
java/lang/Class$3
sun/reflect/annotation/AnnotationTypeMismatchExceptionProxy
sun/reflect/annotation/AnnotationParser$1
sun/reflect/annotation/AnnotationInvocationHandler
java/lang/reflect/InvocationHandler
java/lang/reflect/Proxy
jdk/internal/loader/AbstractClassLoaderValue$Sub
java/lang/invoke/InnerClassLambdaMetafactory$1
java/lang/invoke/BoundMethodHandle
java/lang/invoke/BoundMethodHandle$Specializer
java/lang/invoke/ClassSpecializer
java/lang/invoke/ClassSpecializer$1
java/lang/invoke/BoundMethodHandle$SpeciesData
java/lang/invoke/ClassSpecializer$SpeciesData
java/util/ImmutableCollections$SubList
java/lang/invoke/BoundMethodHandle$Specializer$Factory
java/lang/invoke/ClassSpecializer$Factory
java/lang/invoke/SimpleMethodHandle
java/lang/invoke/BoundMethodHandle$Species_L
sun/invoke/util/VerifyType
sun/invoke/empty/Empty
java/lang/invoke/DirectMethodHandle$1
java/lang/invoke/DirectMethodHandle$Accessor
sun/invoke/util/Wrapper$1
java/lang/invoke/MethodHandleImpl$IntrinsicMethodHandle
java/lang/invoke/DelegatingMethodHandle
java/lang/invoke/DelegatingMethodHandle$Holder
java/lang/invoke/LambdaFormEditor
java/lang/invoke/LambdaFormEditor$Transform
java/lang/invoke/LambdaFormBuffer
java/lang/invoke/InvokerBytecodeGenerator$CpPatch
jdk/internal/loader/AbstractClassLoaderValue$Memoizer
java/lang/reflect/Proxy$ProxyBuilder
java/util/Collections$SingletonList
java/util/Collections$1
java/lang/PublicMethods
java/util/LinkedHashMap$LinkedValues
java/util/LinkedHashMap$LinkedValueIterator
java/util/LinkedHashMap$LinkedHashIterator
java/lang/reflect/ProxyGenerator
sun/security/action/GetBooleanAction
java/lang/InterruptedException
java/lang/reflect/ProxyGenerator$ConstantPool
java/lang/reflect/ProxyGenerator$ProxyMethod
java/lang/reflect/ProxyGenerator$MethodInfo
java/lang/reflect/ProxyGenerator$ConstantPool$ValueEntry
java/lang/reflect/ProxyGenerator$ConstantPool$Entry
java/io/DataOutputStream
java/lang/reflect/ProxyGenerator$ConstantPool$IndirectEntry
java/lang/reflect/ProxyGenerator$FieldInfo
java/lang/reflect/ProxyGenerator$PrimitiveTypeInfo
java/lang/reflect/ProxyGenerator$ExceptionTableEntry
java/lang/reflect/Proxy$ProxyBuilder$1
java/lang/annotation/Target
org/springframework/boot/loader/jar/JarFileEntries$1
java/util/Collections$SynchronizedMap
org/springframework/boot/loader/jar/JarFile$1
org/springframework/boot/loader/jar/CentralDirectoryEndRecord
org/springframework/boot/loader/jar/Bytes
org/springframework/boot/loader/jar/CentralDirectoryFileHeader
java/lang/invoke/DirectMethodHandle$Special
org/springframework/boot/loader/archive/Archive$Entry
java/lang/NoSuchMethodError
java/lang/IncompatibleClassChangeError
sun/reflect/misc/ReflectUtil
org/springframework/boot/loader/archive/Archive$EntryFilter
org/springframework/boot/loader/archive/JarFileArchive$EntryIterator
java/lang/UnsupportedOperationException
org/springframework/boot/loader/jar/JarFileEntries$EntryIterator
java/util/NoSuchElementException
org/springframework/boot/loader/jar/JarFile$2
org/springframework/boot/loader/archive/JarFileArchive$JarFileEntry
java/time/LocalDateTime
java/time/temporal/Temporal
java/time/temporal/TemporalAccessor
java/time/temporal/TemporalAdjuster
java/time/chrono/ChronoLocalDateTime
java/time/LocalDate
java/time/chrono/ChronoLocalDate
java/time/temporal/ChronoField
java/time/temporal/TemporalField
java/time/temporal/ChronoUnit
java/time/temporal/TemporalUnit
java/time/Duration
java/time/temporal/TemporalAmount
java/math/BigInteger
java/time/temporal/ValueRange
java/time/LocalTime
java/time/ZoneId
java/util/TimeZone
sun/util/calendar/ZoneInfo
sun/util/calendar/ZoneInfoFile
sun/util/calendar/ZoneInfoFile$1
java/io/DataInputStream
java/lang/StringUTF16
java/io/FileInputStream$1
sun/util/calendar/ZoneInfoFile$ZoneOffsetTransitionRule
sun/util/calendar/ZoneInfoFile$Checksum
java/util/zip/CRC32
java/util/zip/Checksum
java/util/zip/Checksum$1
java/time/ZoneRegion
java/time/zone/ZoneRulesProvider
java/time/zone/ZoneRulesProvider$1
java/time/zone/TzdbZoneRulesProvider
java/util/Arrays$ArrayList
java/util/Arrays$ArrayItr
java/util/concurrent/ConcurrentHashMap$KeySetView
java/util/concurrent/ConcurrentHashMap$KeyIterator
java/util/ServiceLoader
java/util/ServiceLoader$ModuleServicesLookupIterator
java/util/Spliterators
java/util/Spliterators$EmptySpliterator$OfRef
java/util/Spliterator
java/util/Spliterators$EmptySpliterator
java/util/Spliterators$EmptySpliterator$OfInt
java/util/Spliterator$OfInt
java/util/Spliterator$OfPrimitive
java/util/Spliterators$EmptySpliterator$OfLong
java/util/Spliterator$OfLong
java/util/Spliterators$EmptySpliterator$OfDouble
java/util/Spliterator$OfDouble
java/util/Spliterators$ArraySpliterator
java/util/stream/StreamSupport
java/util/stream/ReferencePipeline$Head
java/util/stream/ReferencePipeline
java/util/stream/Stream
java/util/stream/BaseStream
java/util/stream/AbstractPipeline
java/util/stream/PipelineHelper
java/util/stream/StreamOpFlag
java/util/stream/StreamOpFlag$Type
java/util/stream/StreamOpFlag$MaskBuilder
java/util/EnumMap
java/util/EnumMap$1
java/util/Spliterators$1Adapter
java/util/function/Consumer
java/lang/Module$ReflectionData
java/lang/WeakPairMap
java/lang/WeakPairMap$Pair
java/lang/WeakPairMap$Pair$Lookup
java/util/Collections$EmptyIterator
java/util/ServiceLoader$LazyClassPathLookupIterator
java/util/ServiceLoader$2
java/util/ServiceLoader$3
jdk/internal/module/Resources
jdk/internal/loader/BuiltinClassLoader$2
jdk/internal/loader/BuiltinClassLoader$5
jdk/internal/module/SystemModuleFinders$SystemModuleReader
java/lang/module/ModuleReader
jdk/internal/module/SystemModuleFinders$SystemImage
jdk/internal/jimage/ImageReaderFactory
java/nio/file/Paths
jdk/internal/jimage/ImageReaderFactory$1
jdk/internal/jimage/ImageReader
jdk/internal/jimage/ImageReader$SharedImageReader
jdk/internal/jimage/BasicImageReader
jdk/internal/jimage/BasicImageReader$1
jdk/internal/jimage/NativeImageBuffer
jdk/internal/jimage/NativeImageBuffer$1
jdk/internal/jimage/ImageHeader
java/nio/DirectIntBufferU
java/nio/IntBuffer
java/nio/DirectByteBufferR
java/nio/DirectIntBufferRU
jdk/internal/jimage/ImageStringsReader
jdk/internal/jimage/ImageStrings
jdk/internal/jimage/decompressor/Decompressor
jdk/internal/jimage/ImageLocation
java/util/Collections$EmptyEnumeration
jdk/internal/loader/BuiltinClassLoader$1
java/lang/CompoundEnumeration
jdk/internal/loader/URLClassPath$1
java/time/zone/Ser
java/io/Externalizable
java/time/zone/ZoneRules
java/time/zone/ZoneOffsetTransitionRule
java/time/ZoneOffset
java/time/Month
java/time/DayOfWeek
java/time/zone/ZoneOffsetTransitionRule$TimeDefinition
java/time/zone/ZoneOffsetTransition
java/time/chrono/IsoChronology
java/time/chrono/AbstractChronology
java/time/chrono/Chronology
java/time/temporal/TemporalAdjusters
java/time/LocalDate$1
java/time/zone/ZoneOffsetTransitionRule$1
java/time/Instant
org/springframework/boot/loader/jar/JarEntryFilter
org/springframework/boot/loader/jar/StringSequence
java/util/Collections$UnmodifiableRandomAccessList
java/util/Collections$UnmodifiableList
org/springframework/boot/loader/jar/JarURLConnection
java/net/JarURLConnection
java/util/regex/Pattern
java/util/regex/Pattern$1
java/util/regex/Pattern$Node
java/util/regex/Pattern$LastNode
java/util/regex/Pattern$GroupHead
java/util/regex/Pattern$BmpCharPredicate
java/util/regex/Pattern$CharPredicate
java/util/regex/Pattern$BmpCharProperty
java/util/regex/Pattern$CharProperty
java/util/regex/Pattern$Slice
java/util/regex/Pattern$SliceNode
java/util/regex/Pattern$Begin
java/util/regex/Pattern$First
java/util/regex/Pattern$Start
java/util/regex/Pattern$TreeInfo
java/net/InetAddress
java/net/Proxy
java/lang/AssertionError
java/security/PrivilegedActionException
java/net/URLClassLoader$7
jdk/internal/misc/JavaNetURLClassLoaderAccess
org/springframework/boot/loader/MainMethodRunner
org/springframework/boot/loader/jar/JarURLConnection$1
org/springframework/boot/loader/jar/JarURLConnection$JarEntryName
java/io/UnsupportedEncodingException
java/lang/StringIndexOutOfBoundsException
java/net/URLClassLoader$1
jdk/internal/loader/URLClassPath$Loader$1
jdk/internal/loader/BootLoader$PackageHelper
java/lang/InternalError
java/util/EventObject
java/security/AccessControlException
java/lang/SecurityException
java/lang/NoSuchFieldError
java/util/SortedMap
java/lang/InstantiationException
java/lang/IllegalAccessException
java/util/concurrent/locks/ReadWriteLock
java/util/LinkedHashSet
org/springframework/boot/loader/LaunchedURLClassLoader$UseFastConnectionExceptionsEnumeration
java/net/URLClassLoader$3
java/net/URLClassLoader$3$1
java/net/HttpURLConnection
java/util/LinkedHashMap$LinkedKeySet
java/util/LinkedHashMap$LinkedKeyIterator
java/util/TreeSet
java/util/NavigableSet
java/util/SortedSet
java/util/TreeMap
java/util/NavigableMap
java/util/TreeMap$Entry
java/io/BufferedReader
java/io/Reader
java/io/InputStreamReader
sun/nio/cs/StreamDecoder
sun/nio/cs/UTF_8$Decoder
java/nio/charset/CharsetDecoder
java/util/ServiceLoader$1
java/util/ServiceLoader$ProviderImpl
java/util/ServiceLoader$Provider
java/util/TreeMap$KeySet
java/util/TreeMap$KeyIterator
java/util/TreeMap$PrivateEntryIterator
java/lang/ProcessEnvironment
java/lang/ProcessEnvironment$Variable
java/lang/ProcessEnvironment$ExternalData
java/lang/ProcessEnvironment$Value
java/lang/ProcessEnvironment$StringEnvironment
java/util/Collections$UnmodifiableMap$UnmodifiableEntrySet
java/lang/ProcessEnvironment$StringEntrySet
java/util/Collections$UnmodifiableMap$UnmodifiableEntrySet$1
java/lang/ProcessEnvironment$StringEntrySet$1
java/util/Collections$UnmodifiableMap$UnmodifiableEntrySet$UnmodifiableEntry
java/lang/ProcessEnvironment$StringEntry
java/util/regex/Pattern$GroupTail
java/util/regex/ASCII
java/util/regex/Pattern$SliceI
java/util/regex/Pattern$Ques
java/util/regex/Pattern$Qtype
java/util/regex/Pattern$BitClass
java/util/regex/Pattern$BranchConn
java/util/regex/Pattern$Branch
java/util/regex/Pattern$BmpCharPropertyGreedy
java/util/regex/Pattern$CharPropertyGreedy
java/util/regex/Matcher
java/util/regex/MatchResult
java/util/regex/IntHashSet
java/util/regex/Pattern$2
java/util/ArrayList$SubList
java/util/concurrent/locks/ReentrantReadWriteLock
java/util/concurrent/locks/ReentrantReadWriteLock$NonfairSync
java/util/concurrent/locks/ReentrantReadWriteLock$Sync
java/util/concurrent/locks/AbstractQueuedSynchronizer
java/util/concurrent/locks/AbstractQueuedSynchronizer$Node
java/lang/invoke/VarHandleObjects$FieldInstanceReadWrite
java/lang/invoke/VarHandleObjects$FieldInstanceReadOnly
java/util/concurrent/locks/ReentrantReadWriteLock$Sync$ThreadLocalHoldCounter
java/util/concurrent/locks/ReentrantReadWriteLock$ReadLock
java/util/concurrent/locks/ReentrantReadWriteLock$WriteLock
java/util/concurrent/ConcurrentLinkedQueue
java/util/AbstractQueue
java/util/concurrent/ConcurrentLinkedQueue$Node
java/util/concurrent/locks/ReentrantLock$NonfairSync
java/util/concurrent/locks/ReentrantLock$Sync
java/text/DateFormat
java/text/Format
java/text/SimpleDateFormat
java/lang/CloneNotSupportedException
java/util/EnumSet
java/util/RegularEnumSet
java/util/RegularEnumSet$EnumSetIterator
java/util/concurrent/LinkedBlockingQueue
java/util/concurrent/BlockingQueue
java/util/concurrent/locks/AbstractQueuedSynchronizer$ConditionObject
java/util/concurrent/locks/Condition
java/util/concurrent/LinkedBlockingQueue$Node
java/util/concurrent/ExecutorService
java/util/concurrent/Executor
java/security/Policy
java/security/Policy$UnsupportedEmptyCollection
java/security/Policy$PolicyInfo
java/security/Policy$1
java/security/Security
java/security/Security$1
java/util/Properties$LineReader
sun/security/provider/PolicyFile
sun/security/provider/PolicyFile$1
sun/nio/fs/UnixUriUtils
sun/security/provider/PolicyFile$2
sun/security/provider/PolicyFile$PolicyInfo
jdk/internal/misc/JavaSecurityAccess$ProtectionDomainCache
java/security/ProtectionDomain$JavaSecurityAccessImpl$1
sun/security/provider/PolicyFile$3
sun/security/util/PolicyUtil
sun/security/provider/PolicyParser
java/io/StreamTokenizer
sun/security/provider/PolicyParser$GrantEntry
java/util/LinkedList
java/util/AbstractSequentialList
sun/security/provider/PolicyParser$PermissionEntry
sun/security/util/PropertyExpander
java/util/Vector$1
sun/security/provider/PolicyFile$PolicyEntry
java/net/SocketPermission
java/util/PropertyPermission
java/net/NetPermission
sun/security/util/SecurityConstants
java/security/SecurityPermission
java/net/URLPermission
java/net/URLPermission$Authority
java/net/HostPortrange
java/util/Arrays$LegacyMergeSort
java/util/ComparableTimSort
java/util/StringJoiner
sun/security/provider/PolicyFile$5
sun/security/provider/PolicyParser$ParsingException
java/security/GeneralSecurityException
sun/security/provider/PolicyFile$7
sun/security/provider/PolicyFile$9
sun/security/provider/PolicyFile$SelfPermission
java/net/SocketPermissionCollection
java/util/concurrent/ConcurrentSkipListMap
java/util/concurrent/ConcurrentNavigableMap
java/util/concurrent/ConcurrentSkipListMap$Index
java/util/concurrent/atomic/LongAdder
java/util/concurrent/atomic/Striped64
java/util/concurrent/ConcurrentSkipListMap$Node
java/net/SocketPermissionCollection$SPCComparator
java/net/SocketPermissionCollection$1
java/util/concurrent/ThreadLocalRandom
java/util/Random
java/lang/invoke/VarHandleLongs$FieldInstanceReadWrite
java/lang/invoke/VarHandleLongs$FieldInstanceReadOnly
java/util/concurrent/atomic/Striped64$1
java/util/PropertyPermissionCollection
java/util/PropertyPermissionCollection$1
java/security/PermissionsEnumerator
java/net/URLClassLoader$2
java/text/DateFormat$Field
java/text/Format$Field
java/text/AttributedCharacterIterator$Attribute
java/util/Locale$Category
java/util/Locale$1
java/util/Calendar
sun/util/spi/CalendarProvider
java/util/spi/LocaleServiceProvider
sun/util/locale/provider/LocaleProviderAdapter
sun/util/locale/provider/LocaleProviderAdapter$Type
sun/util/locale/provider/LocaleProviderAdapter$NonExistentAdapter
sun/util/locale/provider/FallbackLocaleProviderAdapter
sun/util/locale/provider/JRELocaleProviderAdapter
sun/util/locale/provider/ResourceBundleBasedAdapter
sun/util/locale/LanguageTag
java/util/Collections$SingletonSet
sun/util/locale/provider/LocaleResources
sun/util/resources/LocaleData
java/util/ResourceBundle$Control
java/util/ResourceBundle$Control$CandidateListCache
java/util/ResourceBundle
sun/util/locale/provider/LocaleProviderAdapter$1
sun/util/cldr/CLDRLocaleProviderAdapter
sun/util/cldr/CLDRBaseLocaleDataMetaInfo
sun/util/locale/provider/LocaleDataMetaInfo
sun/util/locale/ParseStatus
sun/util/locale/StringTokenIterator
sun/util/cldr/CLDRLocaleProviderAdapter$1
java/util/concurrent/CopyOnWriteArrayList$COWIterator
jdk/internal/module/ModulePatcher$PatchedModuleReader
sun/util/resources/cldr/provider/CLDRLocaleDataMetaInfo
sun/util/locale/provider/CalendarProviderImpl
sun/util/locale/provider/AvailableLanguageTags
java/util/StringTokenizer
java/util/Calendar$Builder
java/util/GregorianCalendar
sun/util/calendar/CalendarSystem
sun/util/calendar/Gregorian
sun/util/calendar/BaseCalendar
sun/util/calendar/AbstractCalendar
sun/util/locale/provider/CalendarDataUtility
java/util/spi/CalendarDataProvider
sun/util/locale/provider/LocaleServiceProviderPool
java/text/spi/BreakIteratorProvider
java/text/spi/CollatorProvider
java/text/spi/DateFormatProvider
java/text/spi/DateFormatSymbolsProvider
java/text/spi/DecimalFormatSymbolsProvider
java/text/spi/NumberFormatProvider
java/util/spi/CurrencyNameProvider
java/util/spi/LocaleNameProvider
java/util/spi/TimeZoneNameProvider
sun/util/locale/provider/CalendarDataUtility$CalendarWeekParameterGetter
sun/util/locale/provider/LocaleServiceProviderPool$LocalizedObjectGetter
java/util/ResourceBundle$NoFallbackControl
java/util/ResourceBundle$SingleFormatControl
java/util/LinkedList$Node
sun/util/cldr/CLDRCalendarDataProviderImpl
sun/util/locale/provider/CalendarDataProviderImpl
sun/util/resources/LocaleData$1
sun/util/resources/LocaleData$LocaleDataStrategy
sun/util/resources/Bundles$Strategy
sun/util/resources/Bundles
sun/util/resources/Bundles$1
java/util/ResourceBundle$1
jdk/internal/misc/JavaUtilResourceBundleAccess
java/util/ResourceBundle$2
sun/util/resources/Bundles$CacheKey
sun/util/resources/cldr/CalendarData
java/util/ListResourceBundle
java/util/ResourceBundle$ResourceBundleProviderHelper
sun/util/resources/Bundles$BundleReference
sun/util/resources/Bundles$CacheKeyReference
sun/util/locale/provider/LocaleResources$ResourceReference
sun/util/calendar/Gregorian$Date
sun/util/calendar/BaseCalendar$Date
sun/util/calendar/CalendarDate
sun/util/calendar/CalendarUtils
java/text/DateFormatSymbols
sun/util/locale/provider/DateFormatSymbolsProviderImpl
sun/util/resources/LocaleData$CommonResourceBundleProvider
sun/util/resources/LocaleData$LocaleDataResourceBundleProvider
java/util/spi/ResourceBundleProvider
sun/text/resources/cldr/FormatData
sun/util/resources/Bundles$2
sun/util/resources/provider/LocaleDataProvider
sun/text/resources/cldr/ext/FormatData_pl
java/text/NumberFormat
sun/util/locale/provider/NumberFormatProviderImpl
java/text/DecimalFormatSymbols
sun/util/locale/provider/DecimalFormatSymbolsProviderImpl
java/text/DecimalFormat
java/text/FieldPosition
java/text/DigitList
java/math/RoundingMode
java/util/Date
java/lang/NumberFormatException
java/lang/IllegalAccessError
java/util/IdentityHashMap$EntrySet
java/util/IdentityHashMap$EntryIterator
java/util/IdentityHashMap$IdentityHashMapIterator
java/util/IdentityHashMap$EntryIterator$Entry
java/util/IdentityHashMap$Values
java/util/IdentityHashMap$ValueIterator
java/net/URISyntaxException
java/nio/file/NoSuchFileException
java/nio/file/FileSystemException
java/nio/channels/ReadableByteChannel
java/nio/channels/Channel
java/util/LinkedList$ListItr
java/lang/reflect/InvocationTargetException
java/lang/reflect/UndeclaredThrowableException
java/sql/SQLException
java/util/EventListener
java/util/TimSort
java/lang/Class$AnnotationData
java/lang/invoke/DirectMethodHandle$Interface
java/lang/FunctionalInterface
java/util/LinkedHashMap$LinkedEntrySet
java/util/LinkedHashMap$LinkedEntryIterator
java/lang/annotation/ElementType
java/lang/ArrayIndexOutOfBoundsException
sun/reflect/generics/repository/ClassRepository
sun/reflect/generics/repository/GenericDeclRepository
sun/reflect/generics/repository/AbstractRepository
sun/reflect/generics/tree/FormalTypeParameter
sun/reflect/generics/tree/ClassSignature
sun/reflect/generics/tree/Signature
java/lang/reflect/TypeVariable
sun/reflect/generics/reflectiveObjects/TypeVariableImpl
sun/reflect/generics/reflectiveObjects/LazyReflectiveObjectGenerator
java/lang/reflect/ParameterizedType
java/lang/reflect/WildcardType
java/util/concurrent/CountDownLatch
java/util/concurrent/CountDownLatch$Sync
java/lang/StackTraceElement$HashedModules
sun/reflect/generics/reflectiveObjects/ParameterizedTypeImpl
java/util/Collections$UnmodifiableMap$UnmodifiableEntrySet$UnmodifiableEntrySetSpliterator
java/util/Spliterators$IteratorSpliterator
java/util/function/Predicate
java/util/stream/ReferencePipeline$2
java/util/stream/ReferencePipeline$StatelessOp
java/util/stream/StreamShape
java/util/stream/ReferencePipeline$3
java/util/stream/FindOps
java/util/stream/FindOps$FindSink$OfRef
java/util/stream/FindOps$FindSink
java/util/stream/TerminalSink
java/util/stream/Sink
java/util/stream/FindOps$FindOp
java/util/stream/TerminalOp
java/lang/invoke/DirectMethodHandle$Constructor
java/util/stream/ReferencePipeline$3$1
java/util/stream/Sink$ChainedReference
java/util/stream/ReferencePipeline$2$1
java/util/Formatter
java/util/regex/CharPredicates
java/util/Formatter$FixedString
java/util/Formatter$FormatString
java/util/Formatter$FormatSpecifier
java/util/Formatter$Flags
java/util/Formatter$Conversion
java/util/Formattable
java/util/logging/Handler
java/util/logging/LogManager
java/util/logging/Level
java/util/logging/Level$KnownLevel
java/util/logging/LogManager$1
java/util/logging/LogManager$SystemLoggerContext
java/util/logging/LogManager$LoggerContext
java/util/logging/LogManager$LogNode
java/util/logging/LogManager$Cleaner
java/lang/ApplicationShutdownHooks
java/lang/ApplicationShutdownHooks$1
java/lang/Shutdown
java/lang/Shutdown$Lock
java/util/logging/LoggingPermission
java/util/logging/LogManager$LoggingProviderAccess
sun/util/logging/internal/LoggingProviderImpl$LogManagerAccess
java/security/AccessController$1
java/security/AllPermissionCollection
sun/util/logging/internal/LoggingProviderImpl
jdk/internal/logger/DefaultLoggerFinder
java/lang/System$LoggerFinder
java/util/logging/LogManager$2
java/util/logging/LogManager$RootLogger
java/util/logging/Logger
java/util/logging/Logger$LoggerBundle
java/util/logging/Logger$ConfigurationData
java/util/logging/LogManager$LoggerWeakRef
java/lang/invoke/StringConcatFactory
java/lang/invoke/StringConcatFactory$Strategy
java/lang/invoke/MethodHandleImpl$AsVarargsCollector
java/lang/invoke/StringConcatFactory$1
java/lang/invoke/StringConcatFactory$Mode
java/lang/invoke/StringConcatFactory$Recipe
java/lang/invoke/StringConcatFactory$RecipeElement
java/lang/invoke/StringConcatFactory$MethodHandleInlineCopyStrategy
java/lang/invoke/StringConcatFactory$MethodHandleInlineCopyStrategy$1
java/lang/invoke/StringConcatFactory$MethodHandleInlineCopyStrategy$2
java/lang/invoke/StringConcatFactory$MethodHandleInlineCopyStrategy$3
java/lang/StringConcatHelper
java/lang/invoke/StringConcatFactory$Stringifiers
java/lang/invoke/StringConcatFactory$Stringifiers$StringifierMost
java/lang/ClassValue
java/lang/ClassValue$Entry
java/lang/ClassValue$Identity
java/lang/ClassValue$Version
java/lang/invoke/StringConcatFactory$Stringifiers$StringifierAny
java/lang/ClassValue$ClassValueMap
java/lang/invoke/BoundMethodHandle$Species_LL
java/lang/invoke/BoundMethodHandle$Species_LLL
java/lang/invoke/BoundMethodHandle$Species_LLLL
java/lang/invoke/BoundMethodHandle$Species_LLLLL
java/lang/invoke/BoundMethodHandle$Species_LLLLLL
java/lang/Byte$ByteCache
java/lang/invoke/MethodHandles$1
java/lang/invoke/BoundMethodHandle$Species_LLLLLLI
sun/invoke/util/ValueConversions$WrapperCache
java/lang/invoke/BoundMethodHandle$Species_LLLLLLII
java/lang/invoke/BoundMethodHandle$Species_LLLLLLIIL
java/util/logging/LogManager$VisitedLoggers
java/util/logging/LogManager$LoggerContext$1
java/util/Collections$3
java/util/Hashtable$Enumerator
java/util/ArrayList$ArrayListSpliterator
java/util/stream/ReferencePipeline$7
java/util/stream/ReferencePipeline$7$1
java/util/stream/Streams$StreamBuilderImpl
java/util/stream/Stream$Builder
java/util/stream/Streams$AbstractStreamBuilderImpl
java/util/stream/Streams
jdk/internal/logger/BootstrapLogger
java/lang/System$Logger
sun/util/logging/PlatformLogger$Bridge
sun/util/logging/PlatformLogger$ConfigurableBridge
jdk/internal/logger/BootstrapLogger$DetectBackend
jdk/internal/logger/BootstrapLogger$DetectBackend$1
jdk/internal/logger/BootstrapLogger$LoggingBackend
jdk/internal/logger/BootstrapLogger$RedirectedLoggers
jdk/internal/logger/BootstrapLogger$BootstrapExecutors
java/util/logging/LogManager$4
java/util/logging/ConsoleHandler
java/util/logging/StreamHandler
java/util/logging/SimpleFormatter
java/util/logging/Formatter
jdk/internal/logger/SurrogateLogger
jdk/internal/logger/SimpleConsoleLogger
sun/util/logging/PlatformLogger$ConfigurableBridge$LoggerConfiguration
java/lang/System$Logger$Level
sun/util/logging/PlatformLogger
sun/util/logging/PlatformLogger$Level
jdk/internal/logger/SimpleConsoleLogger$Formatting
java/util/logging/ErrorManager
java/util/logging/Handler$1
java/util/logging/StreamHandler$1
java/util/logging/LogManager$CloseOnReset
java/util/MissingResourceException
jdk/internal/reflect/MethodAccessorGenerator
jdk/internal/reflect/AccessorGenerator
jdk/internal/reflect/ClassFileConstants
jdk/internal/reflect/ByteVectorFactory
jdk/internal/reflect/ByteVectorImpl
jdk/internal/reflect/ByteVector
jdk/internal/reflect/ClassFileAssembler
jdk/internal/reflect/UTF8
jdk/internal/reflect/Label
jdk/internal/reflect/Label$PatchInfo
jdk/internal/reflect/MethodAccessorGenerator$1
jdk/internal/reflect/ClassDefiner
jdk/internal/reflect/ClassDefiner$1
jdk/internal/reflect/BootstrapConstructorAccessorImpl
sun/reflect/generics/tree/BottomSignature
sun/reflect/generics/tree/Wildcard
sun/reflect/generics/reflectiveObjects/WildcardTypeImpl
sun/reflect/generics/tree/TypeVariableSignature
java/util/Currency
java/util/UUID
java/time/ZonedDateTime
java/time/chrono/ChronoZonedDateTime
java/math/BigDecimal
java/text/ParseException
java/time/OffsetDateTime
java/time/format/FormatStyle
java/time/format/DateTimeFormatter
java/time/format/DateTimeFormatterBuilder
java/time/temporal/TemporalQuery
java/lang/Character$CharacterCache
java/time/temporal/IsoFields
java/time/temporal/IsoFields$Field
java/time/temporal/IsoFields$Field$1
java/time/temporal/IsoFields$Field$2
java/time/temporal/IsoFields$Field$3
java/time/temporal/IsoFields$Field$4
java/time/temporal/IsoFields$Unit
java/time/temporal/JulianFields
java/time/temporal/JulianFields$Field
java/time/format/DateTimeFormatterBuilder$2
java/time/format/SignStyle
java/time/format/DateTimeFormatterBuilder$NumberPrinterParser
java/time/format/DateTimeFormatterBuilder$DateTimePrinterParser
java/time/format/DateTimeFormatterBuilder$CharLiteralPrinterParser
java/time/format/ResolverStyle
java/time/format/DateTimeFormatterBuilder$CompositePrinterParser
java/time/format/DecimalStyle
java/time/format/DateTimeFormatterBuilder$SettingsParser
java/time/format/DateTimeFormatterBuilder$OffsetIdPrinterParser
java/time/format/DateTimeFormatterBuilder$FractionPrinterParser
java/time/format/DateTimeFormatterBuilder$ZoneIdPrinterParser
java/time/format/DateTimeFormatterBuilder$StringLiteralPrinterParser
java/time/format/DateTimeFormatterBuilder$InstantPrinterParser
java/lang/Long$LongCache
java/time/format/TextStyle
java/util/Collections$SingletonMap
java/time/format/DateTimeTextProvider$LocaleStore
java/util/AbstractMap$SimpleImmutableEntry
java/time/format/DateTimeTextProvider
java/time/format/DateTimeTextProvider$1
java/time/format/DateTimeFormatterBuilder$1
java/time/format/DateTimeFormatterBuilder$TextPrinterParser
java/time/Period
java/time/chrono/ChronoPeriod
java/time/format/DateTimeFormatterBuilder$LocalizedPrinterParser
java/time/OffsetTime
java/time/Year
java/time/YearMonth
java/time/MonthDay
sun/reflect/generics/tree/CharSignature
sun/reflect/generics/tree/ArrayTypeSignature
java/net/UnknownHostException
java/util/ServiceConfigurationError
java/util/stream/Collectors
java/util/stream/Collector$Characteristics
java/util/stream/Collectors$CollectorImpl
java/util/stream/Collector
java/util/function/BiConsumer
java/util/function/BinaryOperator
java/util/stream/ReduceOps
java/util/stream/ReduceOps$3
java/util/stream/ReduceOps$ReduceOp
java/util/stream/ReduceOps$3ReducingSink
java/util/stream/ReduceOps$AccumulatingSink
java/util/stream/ReduceOps$Box
java/util/regex/PatternSyntaxException
javax/xml/stream/XMLStreamException
java/nio/channels/WritableByteChannel
java/lang/reflect/AnnotatedType
org/xml/sax/SAXException
javax/xml/transform/Source
java/util/regex/Pattern$Dollar
java/util/logging/Logger$SystemLoggerHelper
java/util/logging/Logger$SystemLoggerHelper$1
jdk/internal/logger/DefaultLoggerFinder$1
java/sql/Date
java/sql/Timestamp
sun/reflect/annotation/TypeAnnotationParser
sun/reflect/annotation/TypeAnnotation
sun/reflect/generics/tree/ByteSignature
sun/reflect/annotation/TypeAnnotation$TypeAnnotationTarget
sun/reflect/annotation/AnnotatedTypeFactory
sun/reflect/annotation/AnnotatedTypeFactory$AnnotatedTypeBaseImpl
sun/reflect/annotation/TypeAnnotation$LocationInfo
sun/reflect/annotation/TypeAnnotation$LocationInfo$Location
sun/reflect/annotation/TypeAnnotation$TypeAnnotationTargetInfo
java/beans/IntrospectionException
sun/reflect/annotation/AnnotatedTypeFactory$AnnotatedParameterizedTypeImpl
java/lang/reflect/AnnotatedParameterizedType
java/beans/FeatureDescriptor
java/beans/PropertyDescriptor
sun/reflect/annotation/AnnotatedTypeFactory$AnnotatedArrayTypeImpl
java/lang/reflect/AnnotatedArrayType
java/lang/reflect/MalformedParameterizedTypeException
sun/reflect/generics/tree/ShortSignature
sun/reflect/generics/tree/IntSignature
sun/reflect/generics/tree/LongSignature
sun/reflect/generics/tree/FloatSignature
sun/reflect/generics/tree/DoubleSignature
sun/reflect/generics/tree/BooleanSignature
sun/reflect/annotation/AnnotatedTypeFactory$AnnotatedWildcardTypeImpl
java/lang/reflect/AnnotatedWildcardType
java/util/regex/Pattern$Curly
java/util/regex/Pattern$Loop
java/util/regex/Pattern$Prolog
java/util/OptionalInt
java/io/StringWriter
java/io/StringReader
java/io/PushbackInputStream
java/util/OptionalDouble
java/util/OptionalLong
java/util/HashMap$ValueSpliterator
java/util/HashMap$HashMapSpliterator
java/nio/charset/CharacterCodingException
java/util/TreeMap$DescendingSubMap
java/util/TreeMap$NavigableSubMap
java/time/chrono/HijrahDate
java/util/Collections$ReverseComparator
java/time/chrono/ChronoLocalDateImpl
java/util/TreeMap$NavigableSubMap$DescendingSubMapKeyIterator
java/util/TreeMap$NavigableSubMap$SubMapIterator
java/time/chrono/JapaneseDate
java/time/chrono/MinguoDate
java/time/chrono/ThaiBuddhistDate
java/beans/PropertyEditorSupport
java/beans/PropertyEditor
java/util/LinkedList$LLSpliterator
java/util/function/IntFunction
java/util/stream/Nodes
java/util/stream/Nodes$EmptyNode$OfRef
java/util/stream/Nodes$EmptyNode
java/util/stream/Node
java/util/stream/Nodes$EmptyNode$OfInt
java/util/stream/Node$OfInt
java/util/stream/Node$OfPrimitive
java/util/stream/Nodes$EmptyNode$OfLong
java/util/stream/Node$OfLong
java/util/stream/Nodes$EmptyNode$OfDouble
java/util/stream/Node$OfDouble
java/util/stream/Nodes$SpinedNodeBuilder
java/util/stream/Node$Builder
java/util/stream/SpinedBuffer
java/util/stream/AbstractSpinedBuffer
java/lang/ProcessEnvironment$StringKeySet
java/lang/ProcessEnvironment$StringKeySet$1
java/lang/StringLatin1$CharsSpliterator
java/util/stream/IntPipeline$Head
java/util/stream/IntPipeline
java/util/stream/IntStream
java/util/function/IntPredicate
java/util/stream/MatchOps$MatchKind
java/util/stream/MatchOps
java/util/stream/MatchOps$MatchOp
java/util/stream/MatchOps$BooleanTerminalSink
java/util/stream/MatchOps$2MatchSink
java/util/stream/Sink$OfInt
java/util/function/IntConsumer
java/nio/file/attribute/PosixFilePermission
java/lang/management/ManagementFactory
java/lang/management/RuntimeMXBean
java/lang/management/PlatformManagedObject
java/lang/management/ManagementFactory$PlatformMBeanFinder
sun/management/spi/PlatformMBeanProvider
com/sun/management/internal/PlatformMBeanProviderImpl
com/sun/management/internal/PlatformMBeanProviderImpl$1
sun/management/spi/PlatformMBeanProvider$PlatformComponent
com/sun/management/internal/PlatformMBeanProviderImpl$2
com/sun/management/internal/PlatformMBeanProviderImpl$3
com/sun/management/internal/PlatformMBeanProviderImpl$4
com/sun/management/internal/DiagnosticCommandImpl
com/sun/management/DiagnosticCommandMBean
javax/management/DynamicMBean
sun/management/NotificationEmitterSupport
javax/management/NotificationEmitter
javax/management/NotificationBroadcaster
sun/management/ManagementFactoryHelper
sun/management/VMManagementImpl
sun/management/VMManagement
com/sun/management/internal/PlatformMBeanProviderImpl$5
jdk/management/jfr/internal/FlightRecorderMXBeanProvider
java/util/concurrent/Callable
java/lang/management/DefaultPlatformMBeanProvider
java/lang/management/DefaultPlatformMBeanProvider$1
java/lang/management/DefaultPlatformMBeanProvider$2
java/lang/management/DefaultPlatformMBeanProvider$3
java/lang/management/DefaultPlatformMBeanProvider$4
java/lang/management/DefaultPlatformMBeanProvider$5
java/lang/management/DefaultPlatformMBeanProvider$6
java/lang/management/DefaultPlatformMBeanProvider$7
java/lang/management/DefaultPlatformMBeanProvider$8
sun/management/ManagementFactoryHelper$LoggingMXBeanAccess
sun/management/ManagementFactoryHelper$LoggingMXBeanAccess$1
java/lang/management/DefaultPlatformMBeanProvider$9
java/lang/management/DefaultPlatformMBeanProvider$10
java/lang/management/DefaultPlatformMBeanProvider$11
jdk/management/jfr/FlightRecorderMXBean
jdk/management/jfr/internal/FlightRecorderMXBeanProvider$SingleMBeanComponent
java/util/Collections$2
java/util/stream/ReduceOps$2
java/util/stream/ReduceOps$2ReducingSink
sun/management/RuntimeImpl
java/net/InetAddress$1
java/net/InetAddress$2
jdk/internal/misc/JavaNetInetAddressAccess
java/net/InetAddress$InetAddressHolder
java/util/concurrent/ConcurrentSkipListSet
java/net/InetAddressImplFactory
java/net/Inet6AddressImpl
java/net/InetAddressImpl
java/net/InetAddress$PlatformNameService
java/net/InetAddress$NameService
java/util/concurrent/ConcurrentSkipListMap$KeySet
java/util/concurrent/ConcurrentSkipListMap$KeyIterator
java/util/concurrent/ConcurrentSkipListMap$Iter
java/net/InetAddress$NameServiceAddresses
java/net/InetAddress$Addresses
java/net/Inet4Address
java/net/Inet6Address
java/net/Inet6Address$Inet6AddressHolder
sun/net/InetAddressCachePolicy
sun/net/InetAddressCachePolicy$1
sun/net/InetAddressCachePolicy$2
java/net/InetAddress$CachedAddresses
java/net/InetAddress$CachedLocalHost
java/lang/invoke/BoundMethodHandle$Species_LLLLLLL
java/lang/invoke/BoundMethodHandle$Species_LLLLLLLL
java/lang/invoke/BoundMethodHandle$Species_LLLLLLLLL
java/lang/invoke/BoundMethodHandle$Species_LLLLLLLLLI
java/lang/invoke/BoundMethodHandle$Species_LLLLLLLLLII
java/lang/invoke/BoundMethodHandle$Species_LLLLLLLLLIIL
java/util/Stack
java/util/Vector$Itr
java/util/regex/Pattern$BnM
java/util/BitSet
java/nio/charset/UnsupportedCharsetException
java/security/SecureRandom
java/beans/Introspector
com/sun/beans/WeakCache
java/beans/EventSetDescriptor
java/beans/Introspector$1
jdk/internal/misc/JavaBeansAccess
javax/xml/parsers/ParserConfigurationException
org/w3c/dom/Node
javax/xml/transform/TransformerException
javax/xml/transform/Result
org/xml/sax/InputSource
sun/invoke/util/VerifyAccess$1
org/xml/sax/EntityResolver
javax/xml/stream/XMLResolver
javax/xml/transform/dom/DOMSource
sun/reflect/generics/scope/MethodScope
javax/xml/transform/sax/SAXSource
sun/reflect/generics/repository/MethodRepository
sun/reflect/generics/repository/ConstructorRepository
sun/reflect/generics/tree/VoidDescriptor
javax/xml/transform/stax/StAXSource
sun/reflect/generics/tree/MethodTypeSignature
javax/xml/transform/stream/StreamSource
javax/xml/transform/TransformerFactory
javax/xml/transform/FactoryFinder
jdk/xml/internal/SecuritySupport
java/util/AbstractList$ListItr
java/util/AbstractList$Itr
java/lang/invoke/BoundMethodHandle$Species_LLLLLLLLLL
java/lang/invoke/BoundMethodHandle$Species_LLLLLLLLLLL
java/lang/invoke/BoundMethodHandle$Species_LLLLLLLLLLLL
java/lang/invoke/BoundMethodHandle$Species_LLLLLLLLLLLLL
java/lang/invoke/BoundMethodHandle$Species_LI
java/lang/invoke/ClassSpecializer$Factory$1Var
java/io/Console
java/io/Console$2
jdk/internal/misc/JavaIOAccess
java/io/Console$3
java/io/PrintWriter
java/io/Console$LineReader
javax/xml/transform/FactoryFinder$1
com/sun/org/apache/xalan/internal/xsltc/trax/TransformerFactoryImpl
com/sun/org/apache/xalan/internal/xsltc/compiler/SourceLoader
javax/xml/transform/ErrorListener
javax/xml/transform/sax/SAXTransformerFactory
javax/xml/catalog/CatalogFeatures
javax/xml/catalog/CatalogFeatures$Builder
jdk/xml/internal/JdkXmlUtils
javax/xml/catalog/CatalogFeatures$Feature
com/sun/org/apache/xerces/internal/jaxp/SAXParserFactoryImpl
javax/xml/parsers/SAXParserFactory
java/util/zip/ZipException
jdk/xml/internal/JdkXmlFeatures
jdk/xml/internal/JdkXmlFeatures$XmlFeature
jdk/xml/internal/JdkXmlFeatures$State
com/sun/org/apache/xalan/internal/utils/XMLSecurityPropertyManager
com/sun/org/apache/xalan/internal/utils/FeaturePropertyBase
com/sun/org/apache/xalan/internal/utils/FeaturePropertyBase$State
com/sun/org/apache/xalan/internal/utils/XMLSecurityPropertyManager$Property
com/sun/org/apache/xalan/internal/utils/XMLSecurityManager
com/sun/org/apache/xalan/internal/utils/XMLSecurityManager$Limit
com/sun/org/apache/xalan/internal/utils/XMLSecurityManager$State
com/sun/org/apache/xalan/internal/utils/XMLSecurityManager$NameMap
java/io/NotSerializableException
java/io/ObjectStreamException
java/text/DontCareFieldPosition
java/text/DontCareFieldPosition$1
java/text/Format$FieldDelegate
java/text/NumberFormat$Field
java/beans/Transient
java/beans/ConstructorProperties
sun/text/resources/cldr/FormatData_en
java/io/CharArrayReader
java/nio/file/FileSystemNotFoundException
java/util/concurrent/atomic/AtomicReference
java/text/MessageFormat
java/net/InetSocketAddress
java/net/SocketAddress
java/util/concurrent/Future
java/util/concurrent/ScheduledExecutorService
java/nio/DirectByteBuffer$Deallocator
sun/misc/Unsafe
jdk/internal/reflect/UnsafeFieldAccessorFactory
jdk/internal/reflect/UnsafeQualifiedStaticObjectFieldAccessorImpl
jdk/internal/reflect/UnsafeQualifiedStaticFieldAccessorImpl
java/lang/management/ClassLoadingMXBean
java/lang/management/MemoryMXBean
java/lang/management/ThreadMXBean
java/lang/management/CompilationMXBean
java/lang/management/OperatingSystemMXBean
javax/management/MBeanServer
javax/management/MBeanServerConnection
javax/management/ObjectName
javax/management/QueryExp
javax/management/InstanceNotFoundException
javax/management/OperationsException
javax/management/JMException
sun/management/Util
java/lang/management/ManagementPermission
java/sql/Time
java/security/cert/X509Certificate
java/security/cert/X509Extension
javax/security/cert/X509Certificate
javax/security/cert/Certificate
java/nio/ReadOnlyBufferException
java/time/DateTimeException
java/net/SocketException
sun/net/util/IPAddressUtil
java/net/NetworkInterface
java/net/NetworkInterface$1
java/net/InterfaceAddress
java/net/DefaultInterface
java/net/NetworkInterface$2
java/io/FileReader
java/net/InetSocketAddress$InetSocketAddressHolder
java/util/function/ToLongFunction
java/util/function/ToIntFunction
java/util/Comparators$NullComparator
java/util/ArrayList$ListItr
java/time/Clock
java/time/Clock$SystemClock
java/time/Instant$1
java/lang/TypeNotPresentException
java/net/Inet4AddressImpl
java/nio/channels/FileChannel
java/nio/channels/SeekableByteChannel
java/nio/channels/ByteChannel
java/nio/channels/GatheringByteChannel
java/nio/channels/ScatteringByteChannel
java/nio/channels/spi/AbstractInterruptibleChannel
java/nio/channels/InterruptibleChannel
javax/net/ssl/SSLException
java/util/concurrent/ScheduledFuture
java/util/concurrent/Delayed
java/nio/channels/spi/SelectorProvider
java/nio/channels/spi/SelectorProvider$1
sun/nio/ch/DefaultSelectorProvider
sun/nio/ch/EPollSelectorProvider
sun/nio/ch/SelectorProviderImpl
java/util/concurrent/RejectedExecutionException
java/util/concurrent/CancellationException
java/util/concurrent/ExecutionException
java/util/concurrent/TimeoutException
java/util/concurrent/atomic/AtomicReferenceFieldUpdater
java/util/concurrent/atomic/AtomicReferenceFieldUpdater$AtomicReferenceFieldUpdaterImpl
java/util/concurrent/atomic/AtomicReferenceFieldUpdater$AtomicReferenceFieldUpdaterImpl$1
java/util/concurrent/AbstractExecutorService
java/util/concurrent/RunnableFuture
java/util/concurrent/Executors
java/util/concurrent/Executors$RunnableAdapter
java/nio/channels/Selector
java/nio/channels/spi/AbstractSelector
java/nio/channels/CancelledKeyException
java/util/concurrent/atomic/AtomicIntegerFieldUpdater
java/util/concurrent/atomic/AtomicIntegerFieldUpdater$AtomicIntegerFieldUpdaterImpl
java/util/concurrent/atomic/AtomicIntegerFieldUpdater$AtomicIntegerFieldUpdaterImpl$1
java/util/concurrent/Semaphore
java/util/concurrent/Semaphore$NonfairSync
java/util/concurrent/Semaphore$Sync
sun/nio/ch/EPollSelectorImpl
sun/nio/ch/SelectorImpl
sun/nio/ch/IOUtil
sun/nio/ch/IOUtil$1
sun/nio/ch/Util
sun/nio/ch/Util$1
sun/nio/ch/Util$2
sun/nio/ch/EPoll
java/nio/channels/SelectionKey
java/util/function/LongSupplier
java/util/concurrent/CompletionStage
java/util/function/BiPredicate
java/util/function/LongConsumer
java/nio/channels/ClosedChannelException
java/nio/channels/NotYetConnectedException
java/nio/channels/SelectableChannel
java/nio/channels/ServerSocketChannel
java/nio/channels/NetworkChannel
java/nio/channels/spi/AbstractSelectableChannel
java/util/concurrent/atomic/AtomicReferenceArray
sun/nio/ch/ServerSocketChannelImpl
sun/nio/ch/SelChImpl
sun/nio/ch/SocketDispatcher
sun/nio/ch/NativeDispatcher
sun/nio/ch/Net
sun/nio/ch/Net$1
java/net/ProtocolFamily
sun/net/ext/ExtendedSocketOptions
jdk/net/ExtendedSocketOptions
jdk/net/ExtendedSocketOptions$ExtSocketOption
java/net/SocketOption
jdk/net/SocketFlow
jdk/net/ExtendedSocketOptions$PlatformSocketOptions
jdk/net/ExtendedSocketOptions$PlatformSocketOptions$1
jdk/net/LinuxSocketOptions
jdk/net/ExtendedSocketOptions$1
java/net/ConnectException
java/net/NoRouteToHostException
java/nio/channels/ConnectionPendingException
java/util/concurrent/atomic/AtomicLongFieldUpdater
java/util/concurrent/atomic/AtomicLongFieldUpdater$CASUpdater
java/util/concurrent/atomic/AtomicLongFieldUpdater$CASUpdater$1
sun/nio/ch/ServerSocketAdaptor
java/net/ServerSocket
java/net/ServerSocket$2
jdk/internal/misc/JavaNetSocketAccess
java/net/SocksSocketImpl
java/net/SocksConsts
java/net/PlainSocketImpl
java/net/AbstractPlainSocketImpl
java/net/SocketImpl
java/net/SocketOptions
java/net/StandardSocketOptions
java/net/StandardSocketOptions$StdSocketOption
java/net/AbstractPlainSocketImpl$1
sun/nio/ch/ServerSocketChannelImpl$DefaultOptionsHolder
java/util/HashMap$KeySpliterator
sun/nio/ch/SocketOptionRegistry
sun/nio/ch/SocketOptionRegistry$RegistryKey
sun/nio/ch/SocketOptionRegistry$LazyInitialization
sun/nio/ch/OptionKey
java/net/StandardProtocolFamily
sun/nio/ch/ExtendedSocketOption
sun/nio/ch/ExtendedSocketOption$1
sun/nio/ch/SelectionKeyImpl
java/nio/channels/spi/AbstractSelectionKey
java/lang/invoke/ConstantBootstraps
sun/net/NetHooks
sun/net/sdp/SdpProvider
sun/net/NetHooks$Provider
java/nio/channels/spi/AbstractSelector$1
sun/nio/ch/Interruptible
java/beans/BeanInfo
jdk/internal/math/FloatingDecimal
jdk/internal/math/FloatingDecimal$ExceptionalBinaryToASCIIBuffer
jdk/internal/math/FloatingDecimal$BinaryToASCIIConverter
jdk/internal/math/FloatingDecimal$BinaryToASCIIBuffer
jdk/internal/math/FloatingDecimal$1
jdk/internal/math/FloatingDecimal$PreparedASCIIToBinaryBuffer
jdk/internal/math/FloatingDecimal$ASCIIToBinaryConverter
jdk/internal/math/FDBigInteger
java/util/IdentityHashMap$KeyIterator
jdk/internal/misc/Signal$1
java/util/concurrent/ConcurrentHashMap$EntrySpliterator
sun/nio/ch/FileDispatcherImpl
sun/nio/ch/FileDispatcher
